
Running 1 test using 1 worker

node.exe :   [38;5;45;1mpw:api [0m=> 
selectors.setTestIdAttribute started 
[38;5;45m+0ms[0m
At C:\nvm4w\nodejs\npx.ps1:16 char:5
+     & "$basedir/node$exe"  
"$basedir/node_modules/npm/bin/npx-cli.js" ...
+     ~~~~~~~~~~~~~~~~~~~~~~~~~~~~~~~~~~~~~~~~~~~~
~~~~~~~~~~~~~~~~~~~~~
    + CategoryInfo          : NotSpecified: (  [ 
   38;5;45;1mp...8;5;45m+0ms[0m:String) [], Rem  
  oteException
    + FullyQualifiedErrorId : NativeCommandError
 
  [38;5;45;1mpw:api [0m=> browserType.launch 
started [38;5;45m+5ms[0m
  [38;5;45;1mpw:api [0m<= 
selectors.setTestIdAttribute succeeded 
[38;5;45m+3ms[0m
  [30;1mpw:browser [0m<launching> C:\Users\shara
th\AppData\Local\ms-playwright\chromium-1169\chrom
e-win\chrome.exe --disable-field-trial-config 
--disable-background-networking 
--disable-background-timer-throttling 
--disable-backgrounding-occluded-windows 
--disable-back-forward-cache --disable-breakpad 
--disable-client-side-phishing-detection --disable
-component-extensions-with-background-pages 
--disable-component-update 
--no-default-browser-check --disable-default-apps 
--disable-dev-shm-usage --disable-extensions --dis
able-features=AcceptCHFrame,AutoExpandDetailsEleme
nt,AvoidUnnecessaryBeforeUnloadCheckSync,Certifica
teTransparencyComponentUpdater,DeferRendererTasksA
fterInput,DestroyProfileOnBrowserClose,DialMediaRo
uteProvider,ExtensionManifestV2Disabled,GlobalMedi
aControls,HttpsUpgrades,ImprovedCookieControls,Laz
yFrameLoading,LensOverlay,MediaRouter,PaintHolding
,ThirdPartyStoragePartitioning,Translate 
--allow-pre-commit-input --disable-hang-monitor 
--disable-ipc-flooding-protection 
--disable-popup-blocking 
--disable-prompt-on-repost 
--disable-renderer-backgrounding 
--force-color-profile=srgb 
--metrics-recording-only --no-first-run 
--enable-automation --password-store=basic 
--use-mock-keychain --no-service-autorun 
--export-tagged-pdf 
--disable-search-engine-choice-screen 
--unsafely-disable-devtools-self-xss-warnings 
--no-sandbox --user-data-dir=C:\Users\sharath\AppD
ata\Local\Temp\playwright_chromiumdev_profile-dCWK
Q5 --remote-debugging-pipe --no-startup-window 
[30m+0ms[0m
  [30;1mpw:browser [0m<launched> pid=6512 
[30m+9ms[0m
  [38;5;45;1mpw:api [0m<= browserType.launch 
succeeded [38;5;45m+319ms[0m
  [38;5;45;1mpw:api [0m=> browser.newContext 
started [38;5;45m+5ms[0m
  [30;1mpw:browser [0m<launching> C:\Users\shara
th\AppData\Local\ms-playwright\chromium-1169\chrom
e-win\chrome.exe --disable-field-trial-config 
--disable-background-networking 
--disable-background-timer-throttling 
--disable-backgrounding-occluded-windows 
--disable-back-forward-cache --disable-breakpad 
--disable-client-side-phishing-detection --disable
-component-extensions-with-background-pages 
--disable-component-update 
--no-default-browser-check --disable-default-apps 
--disable-dev-shm-usage --disable-extensions --dis
able-features=AcceptCHFrame,AutoExpandDetailsEleme
nt,AvoidUnnecessaryBeforeUnloadCheckSync,Certifica
teTransparencyComponentUpdater,DeferRendererTasksA
fterInput,DestroyProfileOnBrowserClose,DialMediaRo
uteProvider,ExtensionManifestV2Disabled,GlobalMedi
aControls,HttpsUpgrades,ImprovedCookieControls,Laz
yFrameLoading,LensOverlay,MediaRouter,PaintHolding
,ThirdPartyStoragePartitioning,Translate 
--allow-pre-commit-input --disable-hang-monitor 
--disable-ipc-flooding-protection 
--disable-popup-blocking 
--disable-prompt-on-repost 
--disable-renderer-backgrounding 
--force-color-profile=srgb 
--metrics-recording-only --no-first-run 
--password-store=basic --use-mock-keychain 
--no-service-autorun --export-tagged-pdf 
--disable-search-engine-choice-screen 
--unsafely-disable-devtools-self-xss-warnings 
--no-sandbox --app=data:text/html, 
--window-size=600,600 --window-position=1020,10 
--test-type= --user-data-dir=C:\Users\sharath\AppD
ata\Local\Temp\playwright_chromiumdev_profile-vCIp
5j --remote-debugging-pipe about:blank 
[30m+327ms[0m
  [30;1mpw:browser [0m<launched> pid=9024 
[30m+7ms[0m
  [30;1mpw:browser [0m[pid=6512] <gracefully 
close start> [30m+626ms[0m
  [30;1mpw:browser [0m[pid=9024] <gracefully 
close start> [30m+0ms[0m
